[backblue.gif]
[fade.gif]
[index.html]
[cdn1.editmysite.com/editor/images/common/common-v2d182.css]
[cdn1.editmysite.com/libraries/prototype/1.7-custom/prototype.min.js]
[cdn1.editmysite.com/libraries/scriptaculous/1.9.0-custom/effects.min.js]
[cdn1.editmysite.com/editor/images/common/utilities0c4d.js]
[cdn1.editmysite.com/editor/images/common/lightbox2020c4d.js]
[cdn1.editmysite.com/languages/it/libraries/flyout_menus0c4d.js]
[www.inedia.net84.net/files/theme/container_top2.gif]
[www.inedia.net84.net/uploads/1/3/1/9/13193250/4997941.jpg]
[www.inedia.net84.net/uploads/1/3/1/9/13193250/438047_orig.jpg]
[www.paypalobjects.com/it_IT/IT/i/btn/btn_buynowCC_LG.gif]
[www.paypalobjects.com/it_IT/i/scr/pixel.gif]
[www.inedia.net84.net/index.html]
[cdn1.editmysite.com/editor/images/common/form_input_bg.gif]
[cdn1.editmysite.com/editor/images/common/buttons/small_grey.png]
[cdn1.editmysite.com/editor/images/common/buttons/small_blue.png]
[cdn1.editmysite.com/editor/images/common/buttons/large_greyc81e.png]
[cdn1.editmysite.com/editor/images/common/buttons/large_blue.png]
[cdn1.editmysite.com/editor/images/common/search-light.png]
[cdn1.editmysite.com/editor/images/common/social_iconsc81e.png]
[cdn1.editmysite.com/editor/images/blogging/blog-comment-button.html]
[cdn1.editmysite.com/editor/images/blogging/blog-comment-header.html]
[cdn1.editmysite.com/editor/images/blogging/blog-comment-pointer.html]
[cdn1.editmysite.com/editor/images/blogging/blog-comment-link.html]
[cdn1.editmysite.com/editor/images/blogging/blog-comment-header-author.html]
[cdn1.editmysite.com/editor/images/blogging/blog-comment-pointer-author.html]
[cdn1.editmysite.com/editor/images/blogging/blog-comment-field-bg.html]
[cdn1.editmysite.com/editor/images/blogging/dark-blog-comment-header.html]
[cdn1.editmysite.com/editor/images/blogging/dark-blog-comment-pointer.html]
[cdn1.editmysite.com/editor/images/blogging/dark-blog-comment-header-author.html]
[cdn1.editmysite.com/editor/images/blogging/dark-blog-comment-pointer-author.html]
[cdn1.editmysite.com/editor/images/blogging/dark-blog-comment-link.html]
[cdn1.editmysite.com/editor/libraries/lightbox202/images/prevlabel.gif]
[cdn1.editmysite.com/editor/libraries/lightbox202/images/nextlabel.gif]
[cdn1.editmysite.com/editor/images/common/magnifying-glass.png]
[cdn1.editmysite.com/editor/images/common/search-pagination-bg.png]
[cdn1.editmysite.com/editor/images/common/common-v2d182.css]
[www.inedia.net84.net/files/theme/container_top1b5b.gif]
[www.inedia.net84.net/files/theme/bg_fade1b5b.gif]
[www.inedia.net84.net/files/theme/container_middle1b5b.gif]
[www.inedia.net84.net/files/theme/container_fade1b5b.gif]
[www.inedia.net84.net/files/theme/container_bottom1b5b.gif]
[www.inedia.net84.net/files/theme/rss-h1b5b.png]
[www.inedia.net84.net/files/theme/linkedin-h1b5b.png]
[www.inedia.net84.net/files/theme/facebook-h1b5b.png]
[www.inedia.net84.net/files/theme/twitter-h1b5b.png]
[www.inedia.net84.net/files/theme/searchForm-bg1b5b.png]
[www.inedia.net84.net/files/theme/rss1b5b.png]
[www.inedia.net84.net/files/theme/linkedin1b5b.png]
[www.inedia.net84.net/files/theme/facebook1b5b.png]
[www.inedia.net84.net/files/theme/twitter1b5b.png]
[www.inedia.net84.net/files/theme/banner-tall1b5b.jpg]
[www.inedia.net84.net/files/theme/banner-short1b5b.jpg]
[www.inedia.net84.net/files/theme/field1b5b.png]
[www.inedia.net84.net/files/theme/banner-landing1b5b.jpg]
[www.inedia.net84.net/files/theme/button1b5b.png]
[www.inedia.net84.net/files/theme/button_large1b5b.png]
[www.inedia.net84.net/files/theme/button_large_highlight1b5b.png]
[www.inedia.net84.net/files/theme/button_highlight1b5b.png]
[www.inedia.net84.net/files/main_style7241.css]
[cdn1.editmysite.com/libraries/prototype/1.7-custom/prototype.min.js]
[cdn1.editmysite.com/libraries/scriptaculous/1.9.0-custom/effects.min.js]
[cdn1.editmysite.com/editor/images/common/utilities0c4d.js]
[cdn1.editmysite.com/editor/images/common/lightbox2020c4d.js]
[cdn1.editmysite.com/languages/it/libraries/flyout_menus0c4d.js]
[www.inedia.net84.net/files/main_style.css]
[www.inedia.net84.net/files/theme/container_top.gif]
[www.inedia.net84.net/files/theme/bg_fade.gif]
[www.inedia.net84.net/files/theme/container_middle.gif]
[www.inedia.net84.net/files/theme/container_fade.gif]
[www.inedia.net84.net/files/theme/container_bottom.gif]
[www.inedia.net84.net/files/theme/rss-h.png]
[www.inedia.net84.net/files/theme/linkedin-h.png]
[www.inedia.net84.net/files/theme/facebook-h.png]
[www.inedia.net84.net/files/theme/twitter-h.png]
[www.inedia.net84.net/files/theme/searchForm-bg.png]
[www.inedia.net84.net/files/theme/rss.png]
[www.inedia.net84.net/files/theme/linkedin.png]
[www.inedia.net84.net/files/theme/facebook.png]
[www.inedia.net84.net/files/theme/twitter.png]
[www.inedia.net84.net/files/theme/banner-tall.jpg]
[www.inedia.net84.net/files/theme/banner-short.jpg]
[www.inedia.net84.net/files/theme/field.png]
[www.inedia.net84.net/files/theme/banner-landing.jpg]
[www.inedia.net84.net/files/theme/button.png]
[www.inedia.net84.net/files/theme/button_large.png]
[www.inedia.net84.net/files/theme/button_large_highlight.png]
[www.inedia.net84.net/files/theme/button_highlight.png]
[www.inedia.net84.net/files/theme/main_style.css]
[www.inedia.net84.net/index-2.html]
[www.inedia.net84.net/uploads/1/3/1/9/13193250/240390.jpg]
[www.inedia.net84.net/prefazione.html]
[www.inedia.net84.net/uploads/1/3/1/9/13193250/1344374247.jpg]
[www.inedia.net84.net/joachim-e-la-sua-esperienza.html]
[www.inedia.net84.net/images/pagine indice argomenti.gif]
[www.inedia.net84.net/indice-e-argomenti-del-libro.html]
[www.inedia.net84.net/estratto-pdf.html]
[www.inedia.net84.net/acquista-libro.html]
[www.inedia.net84.net/contatti.html]
[www.inedia.net84.net/AppleWebKit/index.html]
[rusenko.weebly.com/weebly/images/file_icons/file.png]
